[16:43:00] INFO  ════ OpsPilot-Insight 流水线启动 ════  (scenario=network_latency trace_id=ef9d0539e90a4dfb862e2482139b63c5 rag_backend=local)
[16:43:00] INFO  ▶ Agent [AlertAgent] 开始工作（角色: 告警接入与影响面评估专家）
[16:43:00] INFO    ⚙ Skill [alert_fusion] 开始执行  (skill=alert_fusion)
[16:43:00] INFO      告警收敛: 3 条原始告警 -> 2 条去重 -> 2 个告警组  (services=api-gateway,user-service)
[16:43:00] INFO    ⚙ Skill [alert_fusion] 执行成功  (skill=alert_fusion duration_ms=0.04)
[16:43:00] INFO    ⚙ Skill [impact_mapping] 开始执行  (skill=impact_mapping)
[16:43:00] INFO      影响面: 直接受影响 ['api-gateway', 'user-service']，波及上游 []，用户可感知=True
[16:43:00] INFO    ⚙ Skill [impact_mapping] 执行成功  (skill=impact_mapping duration_ms=0.38)
[16:43:00] INFO    ✦ 事件摘要: api-gateway 调用 user-service 的链路 P99 延迟由 80ms 恶化至 1.5s 以上，网关出现上游读超时，登录与个人中心页面明显变慢，属 P2 级体验受损事件。
[16:43:00] INFO  ■ Agent [AlertAgent] 工作完成
[16:43:00] INFO  ▶ Agent [RcaAgent] 开始工作（角色: 多维根因分析专家）
[16:43:00] INFO    ⚙ Skill [log_trace_rca] 开始执行  (skill=log_trace_rca)
[16:43:00] INFO      日志分析: 4 条异常日志，主导模式=network_latency  (matched={'network_latency': 4})
[16:43:00] INFO      指标分析: 检出 2 项异常指标  (anomalies=['user_service_client_p99_latency_ms', 'gateway_upstream_timeout_total'])
[16:43:00] INFO      链路分析: 错误 span 0 个，慢 span 2 个
[16:43:00] INFO      变更分析: 时间窗内 2 条变更，服务相关 0 条  (related=[])
[16:43:00] INFO      根因候选: 2 个，Top1 置信度 0.95  (top1=api-gateway 调用链网络延迟劣化（服务端处理正常），疑似由变更 CHG-20260723-0007（可用区 B)
[16:43:00] INFO    ⚙ Skill [log_trace_rca] 执行成功  (skill=log_trace_rca duration_ms=0.83)
[16:43:00] INFO    ✦ 选定根因（置信度 0.95）: api-gateway 调用链网络延迟劣化（服务端处理正常），疑似由变更 CHG-20260723-0007（可用区 B 安全组/ACL 策略更新：收紧跨可用区东西向流量规则）引入网络链路问题导致
[16:43:00] INFO    ⚙ Skill [case_retrieval] 开始执行  (skill=case_retrieval)
[16:43:00] INFO      ⌕ 历史案例检索: 命中 3 条，Top1=CASE-2025-003（score=171.4185）
[16:43:00] INFO    ⚙ Skill [case_retrieval] 执行成功  (skill=case_retrieval duration_ms=2.16)
[16:43:00] INFO    ✦ 分析结论: 综合分析：链路数据显示 api-gateway 客户端侧耗时 1.5s 而 user-service 服务端处理仅 40ms 左右，耗时差集中在网络传输段；服务端指标平稳、无错误日志，且延迟恶化时间点与可用区 B 网络 ACL 策略变更吻合，判定为网络链路问题，建议回滚该网络变更并联动网络团队核查。
[16:43:00] INFO  ■ Agent [RcaAgent] 工作完成
[16:43:00] INFO  ▶ Agent [PlannerAgent] 开始工作（角色: 修复方案规划专家）
[16:43:00] INFO    ⚙ Skill [runbook_rag] 开始执行  (skill=runbook_rag)
[16:43:00] INFO      ⌕ Runbook 检索: 命中 3 条，Top1=RB-003（score=134.2319）
[16:43:00] INFO    ⚙ Skill [runbook_rag] 执行成功  (skill=runbook_rag duration_ms=2.36)
[16:43:00] INFO    ✦ 修复方案已生成: 3 个步骤，风险等级 medium，需审批=True，回滚步骤 1 个，Runbook 依据 3 条
[16:43:00] INFO  ■ Agent [PlannerAgent] 工作完成
[16:43:00] INFO  ▶ Agent [ExecutorAgent] 开始工作（角色: 安全执行专家）
[16:43:00] INFO    ⚙ Skill [risk_guard] 开始执行  (skill=risk_guard)
[16:43:00] INFO      ⚖ 风险评估: 综合风险=medium，影响服务 2 个，需审批=True
[16:43:00] INFO    ⚙ Skill [risk_guard] 执行成功  (skill=risk_guard duration_ms=0.01)
[16:43:00] INFO    ✔ 审批通过（auto-approve / auto），开始安全执行
[16:43:00] INFO    ⚙ Skill [safe_execute] 开始执行  (skill=safe_execute)
[16:43:00] ERROR     ✗ 动作 #1 执行失败: RevokeSecurityGroup 被拒绝（Forbidden）：目标安全组规则已被网络防火墙基线策略锁定，需网络团队解锁后方可回滚
[16:43:00] WARN      ⟲ 触发自动回滚：逆序恢复 1 个检查点
[16:43:00] INFO      ✓ 动作 #2 执行成功（备选动作）: 将网关流量临时切换至可用区 A，绕开受影响链路
[16:43:00] INFO    ⚙ Skill [safe_execute] 执行成功  (skill=safe_execute duration_ms=0.66)
[16:43:00] INFO    ✦ 执行完成: 状态=success_with_rollback，动作 3 个，回滚 1 次
[16:43:00] INFO  ■ Agent [ExecutorAgent] 工作完成
[16:43:00] INFO  ▶ Agent [VerifierAgent] 开始工作（角色: 恢复验证与复盘专家）
[16:43:00] INFO    ⚙ Skill [recovery_verify] 开始执行  (skill=recovery_verify)
[16:43:00] INFO      ✓ 验证通过：2 项异常指标中 2 项已回归基线，告警条件已消除
[16:43:00] INFO    ⚙ Skill [recovery_verify] 执行成功  (skill=recovery_verify duration_ms=0.34)
[16:43:00] INFO    ⚙ Skill [postmortem] 开始执行  (skill=postmortem)
[16:43:00] INFO      ✦ 复盘完成: 时间线 12 项，处置动作 3 个，改进建议 3 条
[16:43:00] INFO    ⚙ Skill [postmortem] 执行成功  (skill=postmortem duration_ms=0.03)
[16:43:00] INFO    ✦ 验证与复盘完成: 验证通过，案例沉淀=已写入 CASE-BAE6F9F1
[16:43:00] INFO  ■ Agent [VerifierAgent] 工作完成
[16:43:00] INFO  ════ 流水线结束，产物已落盘 ════  (report=incident_report_network_latency_20260724_164300.json trace=trace_ef9d0539e90a4dfb862e2482139b63c5.json audit=audit_20260724_164300.jsonl metrics=metrics_ef9d0539e90a4dfb862e2482139b63c5.json degraded=False)

════════════════════════════════════════════════════════════════════════
  OpsPilot-Insight 诊断报告  RPT-639B4A43
════════════════════════════════════════════════════════════════════════
场景        : network_latency
事件        : HighP99Latency @ user-service（INC-24110742，严重度 critical）
Trace ID    : ef9d0539e90a4dfb862e2482139b63c5

── 告警摘要 ──────────────────────────────────────────────────────────
原始告警 3 条 -> 去重 2 条 -> 聚合 2 组
  · [critical] HighP99Latency @ user-service ×1  user-service 调用侧 P99 延迟严重劣化
  · [warning] UpstreamTimeout @ api-gateway ×1  api-gateway 出现上游读超时
事件概述: api-gateway 调用 user-service 的链路 P99 延迟由 80ms 恶化至 1.5s 以上，网关出现上游读超时，登录与个人中心页面明显变慢，属 P2 级体验受损事件。

── 影响面 ────────────────────────────────────────────────────────────
受影响服务: api-gateway, user-service
爆炸半径  : api-gateway, user-service（2 个服务）
用户影响  : 故障已沿调用链传播至入口服务 ['api-gateway']，用户侧可感知

── 根因分析 ──────────────────────────────────────────────────────────
根因结论（置信度 0.95）: api-gateway 调用链网络延迟劣化（服务端处理正常），疑似由变更 CHG-20260723-0007（可用区 B 安全组/ACL 策略更新：收紧跨可用区东西向流量规则）引入网络链路问题导致
证据链:
  [strong ] logs     命中 network_latency 模式的异常日志 4 条
            · [api-gateway] upstream timed out (110: Connection timed out) while reading response header from upstream, request: GET /api/user/profile, upstream: http://10.2.33.17:8080/user/profile, zone: cn-hangzhou-b
            · [api-gateway] upstream timed out (110: Connection timed out) while reading response header from upstream, request: POST /api/user/login, upstream: http://10.2.33.18:8080/user/login, zone: cn-hangzhou-b
            · [api-gateway] retrying GET /api/user/profile after Read timed out on upstream 10.2.33.17:8080 (attempt 2/3), rt=1503ms
  [strong ] metrics  检出 2 项异常指标，其中 1 项与该模式直接相关
            · user_service_client_p99_latency_ms(api-gateway): 81.67 -> 1403.33 ms
  [strong ] traces   受影响服务上定位到 2 个错误/慢 span
            · api-gateway.GET /api/user/profile: 1568ms [OK]
            · api-gateway.HTTP GET user-service:/user/profile: 1521ms [OK]
  [strong ] changes  告警前 4h 内存在关联变更 CHG-20260723-0007（可用区 B 安全组/ACL 策略更新：收紧跨可用区东西向流量规则，发布单 NET-20260723-1102）
            · CHG-20260723-0007 @ 2026-07-23T10:20:00+08:00 by wangjun
备选假设（置信度 0.15）: 下游依赖抖动引发的连锁反应（低置信度备选假设，主假设不成立时排查）
相似历史案例（RAG 检索）:
  · [CASE-2025-003] 安全组策略变更引发跨可用区延迟劣化（score=171.4185）
  · [CASE-48936CDD] KubeContainerOOMKilled @ payment-service（score=56.3035）
  · [CASE-5CBEC871] DBConnectionPoolExhausted @ order-service（score=51.9284）

── 修复方案 ──────────────────────────────────────────────────────────
方案 PLAN-890CDC52  风险等级: medium  需人工审批: 是
Runbook 依据: RB-003 跨可用区网络延迟劣化与 ACL 排查手册、RB-007 网关流量切换与可用区容灾预案、RB-009 消息队列积压应急处置手册
方案说明: 建议回滚可用区 B 的网络 ACL 变更，并将网关流量临时切换至可用区 A 兜底；同步网络团队核查专线质量，观察 P99 延迟回落至 100ms 内后再恢复默认路由。
修复步骤:
  1. [rollback_change] 回滚网络变更 CHG-20260723-0007
     $ aliyun ecs RevokeSecurityGroup --RegionId cn-hangzhou --SecurityGroupId <sg-id>
     预期: 网络链路恢复变更前状态，延迟回落
  2. [traffic_switch] 将网关流量临时切换至可用区 A，绕开受影响链路
     $ kubectl annotate svc user-service -n prod topology.kubernetes.io/preferred-zone=cn-hangzhou-a --overwrite
     预期: 用户侧延迟立即缓解
  3. [manual_followup] 联动网络团队核查可用区 B 专线/安全组规则
     预期: 确认根因细节，避免复发
回滚计划:
  1. 若切流后出现容量问题，恢复默认双可用区路由并升级人工介入
     $ kubectl annotate svc user-service -n prod topology.kubernetes.io/preferred-zone- 

── 审批与执行 ────────────────────────────────────────────────────────
审批记录: 通过  审批人=auto-approve  方式=auto  时间=2026-07-24T16:43:00+08:00
审批说明: 自动审批模式（--auto-approve）
执行状态: success_with_rollback（实际执行=是）
  ✗ 动作 1 [rollback_change] 回滚网络变更 CHG-20260723-0007
    状态=failed  幂等键=c70bd79aa7a64144  检查点=CKPT-E5EE2BEB
    RevokeSecurityGroup 被拒绝（Forbidden）：目标安全组规则已被网络防火墙基线策略锁定，需网络团队解锁后方可回滚
  ✓ 动作 2 [traffic_switch] 将网关流量临时切换至可用区 A，绕开受影响链路（备选动作）
    状态=success  幂等键=0559b853d7a8ff81  检查点=CKPT-09EE37CF
    动作执行成功（Mock）: traffic_switch
  ✎ 动作 3 [manual_followup] 联动网络团队核查可用区 B 专线/安全组规则（备选动作）
    状态=manual  幂等键=d897e0b84f5fcb8c
    已创建人工跟进任务（不直接操作生产资源）
自动回滚记录（按检查点逆序）:
  ⟲ 动作 1 检查点 CKPT-E5EE2BEB: 已恢复至检查点 CKPT-E5EE2BEB（回滚网络变更 CHG-20260723-0007 当前版本/配置快照（模拟））
备注: 存在执行失败动作，已按检查点逆序自动回滚并续行备选动作

── 恢复验证 ──────────────────────────────────────────────────────────
验证结论: 验证通过：2 项异常指标中 2 项已回归基线，告警条件已消除
  ✓ user_service_client_p99_latency_ms @ api-gateway: 基线 78.0ms -> 故障 1540.0ms -> 修复后 81.0ms
  ✓ gateway_upstream_timeout_total @ api-gateway: 基线 0.0count/5min -> 故障 47.0count/5min -> 修复后 0.0count/5min

── 事故复盘 ──────────────────────────────────────────────────────────
复盘总结: 本次事故由可用区 B 网络 ACL 变更导致跨区链路延迟劣化，首选回滚动作因基线策略锁定执行失败，系统自动回滚检查点后由备选切流动作接管，延迟与超时均回归基线；后续需将网络变更纳入管控平台强制灰度，并预先核查执行权限。
根因: api-gateway 调用链网络延迟劣化（服务端处理正常），疑似由变更 CHG-20260723-0007（可用区 B 安全组/ACL 策略更新：收紧跨可用区东西向流量规则）引入网络链路问题导致
处置动作:
  · [失败后回滚] 回滚网络变更 CHG-20260723-0007
  · [备选] 将网关流量临时切换至可用区 A，绕开受影响链路
  · [备选] 联动网络团队核查可用区 B 专线/安全组规则
效果: 首选动作失败后自动回滚检查点，备选动作接管处置；验证通过：2 项异常指标中 2 项已回归基线，告警条件已消除
改进建议:
  · 网络 ACL / 安全组变更纳入变更管控平台，强制灰度并同步基线策略
  · 为跨可用区链路配置端到端拨测，缩短网络劣化的发现时间
  · 首选处置动作执行失败（权限/基线策略拦截），建议预先核查执行账号权限与策略锁定状态
知识库沉淀: 已写入案例 CASE-BAE6F9F1

── 可观测产物 ────────────────────────────────────────────────────────
  report : /tmp/evi/network_latency/incident_report_network_latency_20260724_164300.json
  trace  : /tmp/evi/network_latency/trace_ef9d0539e90a4dfb862e2482139b63c5.json
  log    : /tmp/evi/network_latency/run_20260724_164300.log
  audit  : /tmp/evi/network_latency/audit_20260724_164300.jsonl
  metrics: /tmp/evi/network_latency/metrics_ef9d0539e90a4dfb862e2482139b63c5.json
════════════════════════════════════════════════════════════════════════
