{"timestamp": "2026-07-24T16:43:00.379+08:00", "level": "INFO", "message": "════ OpsPilot-Insight 流水线启动 ════", "trace_id": "ef9d0539e90a4dfb862e2482139b63c5", "span_id": "", "scenario": "network_latency", "rag_backend": "local"}
{"timestamp": "2026-07-24T16:43:00.379+08:00", "level": "INFO", "message": "▶ Agent [AlertAgent] 开始工作（角色: 告警接入与影响面评估专家）", "trace_id": "ef9d0539e90a4dfb862e2482139b63c5", "span_id": "f940c8991a4e45c5"}
{"timestamp": "2026-07-24T16:43:00.379+08:00", "level": "INFO", "message": "  ⚙ Skill [alert_fusion] 开始执行", "trace_id": "ef9d0539e90a4dfb862e2482139b63c5", "span_id": "8be5668495e24287", "skill": "alert_fusion"}
{"timestamp": "2026-07-24T16:43:00.379+08:00", "level": "INFO", "message": "    告警收敛: 3 条原始告警 -> 2 条去重 -> 2 个告警组", "trace_id": "ef9d0539e90a4dfb862e2482139b63c5", "span_id": "8be5668495e24287", "services": "api-gateway,user-service"}
{"timestamp": "2026-07-24T16:43:00.379+08:00", "level": "INFO", "message": "  ⚙ Skill [alert_fusion] 执行成功", "trace_id": "ef9d0539e90a4dfb862e2482139b63c5", "span_id": "8be5668495e24287", "skill": "alert_fusion", "duration_ms": 0.04}
{"timestamp": "2026-07-24T16:43:00.379+08:00", "level": "INFO", "message": "  ⚙ Skill [impact_mapping] 开始执行", "trace_id": "ef9d0539e90a4dfb862e2482139b63c5", "span_id": "7ac8ec895f0f4ac4", "skill": "impact_mapping"}
{"timestamp": "2026-07-24T16:43:00.380+08:00", "level": "INFO", "message": "    影响面: 直接受影响 ['api-gateway', 'user-service']，波及上游 []，用户可感知=True", "trace_id": "ef9d0539e90a4dfb862e2482139b63c5", "span_id": "7ac8ec895f0f4ac4"}
{"timestamp": "2026-07-24T16:43:00.380+08:00", "level": "INFO", "message": "  ⚙ Skill [impact_mapping] 执行成功", "trace_id": "ef9d0539e90a4dfb862e2482139b63c5", "span_id": "7ac8ec895f0f4ac4", "skill": "impact_mapping", "duration_ms": 0.38}
{"timestamp": "2026-07-24T16:43:00.380+08:00", "level": "INFO", "message": "  ✦ 事件摘要: api-gateway 调用 user-service 的链路 P99 延迟由 80ms 恶化至 1.5s 以上，网关出现上游读超时，登录与个人中心页面明显变慢，属 P2 级体验受损事件。", "trace_id": "ef9d0539e90a4dfb862e2482139b63c5", "span_id": "f940c8991a4e45c5"}
{"timestamp": "2026-07-24T16:43:00.380+08:00", "level": "INFO", "message": "■ Agent [AlertAgent] 工作完成", "trace_id": "ef9d0539e90a4dfb862e2482139b63c5", "span_id": "f940c8991a4e45c5"}
{"timestamp": "2026-07-24T16:43:00.380+08:00", "level": "INFO", "message": "▶ Agent [RcaAgent] 开始工作（角色: 多维根因分析专家）", "trace_id": "ef9d0539e90a4dfb862e2482139b63c5", "span_id": "18315c7debb2403a"}
{"timestamp": "2026-07-24T16:43:00.380+08:00", "level": "INFO", "message": "  ⚙ Skill [log_trace_rca] 开始执行", "trace_id": "ef9d0539e90a4dfb862e2482139b63c5", "span_id": "d224712b320b415f", "skill": "log_trace_rca"}
{"timestamp": "2026-07-24T16:43:00.380+08:00", "level": "INFO", "message": "    日志分析: 4 条异常日志，主导模式=network_latency", "trace_id": "ef9d0539e90a4dfb862e2482139b63c5", "span_id": "d224712b320b415f", "matched": {"network_latency": 4}}
{"timestamp": "2026-07-24T16:43:00.380+08:00", "level": "INFO", "message": "    指标分析: 检出 2 项异常指标", "trace_id": "ef9d0539e90a4dfb862e2482139b63c5", "span_id": "d224712b320b415f", "anomalies": ["user_service_client_p99_latency_ms", "gateway_upstream_timeout_total"]}
{"timestamp": "2026-07-24T16:43:00.381+08:00", "level": "INFO", "message": "    链路分析: 错误 span 0 个，慢 span 2 个", "trace_id": "ef9d0539e90a4dfb862e2482139b63c5", "span_id": "d224712b320b415f"}
{"timestamp": "2026-07-24T16:43:00.381+08:00", "level": "INFO", "message": "    变更分析: 时间窗内 2 条变更，服务相关 0 条", "trace_id": "ef9d0539e90a4dfb862e2482139b63c5", "span_id": "d224712b320b415f", "related": []}
{"timestamp": "2026-07-24T16:43:00.381+08:00", "level": "INFO", "message": "    根因候选: 2 个，Top1 置信度 0.95", "trace_id": "ef9d0539e90a4dfb862e2482139b63c5", "span_id": "d224712b320b415f", "top1": "api-gateway 调用链网络延迟劣化（服务端处理正常），疑似由变更 CHG-20260723-0007（可用区 B"}
{"timestamp": "2026-07-24T16:43:00.381+08:00", "level": "INFO", "message": "  ⚙ Skill [log_trace_rca] 执行成功", "trace_id": "ef9d0539e90a4dfb862e2482139b63c5", "span_id": "d224712b320b415f", "skill": "log_trace_rca", "duration_ms": 0.83}
{"timestamp": "2026-07-24T16:43:00.381+08:00", "level": "INFO", "message": "  ✦ 选定根因（置信度 0.95）: api-gateway 调用链网络延迟劣化（服务端处理正常），疑似由变更 CHG-20260723-0007（可用区 B 安全组/ACL 策略更新：收紧跨可用区东西向流量规则）引入网络链路问题导致", "trace_id": "ef9d0539e90a4dfb862e2482139b63c5", "span_id": "18315c7debb2403a"}
{"timestamp": "2026-07-24T16:43:00.381+08:00", "level": "INFO", "message": "  ⚙ Skill [case_retrieval] 开始执行", "trace_id": "ef9d0539e90a4dfb862e2482139b63c5", "span_id": "a14745bff8a84e49", "skill": "case_retrieval"}
{"timestamp": "2026-07-24T16:43:00.383+08:00", "level": "INFO", "message": "    ⌕ 历史案例检索: 命中 3 条，Top1=CASE-2025-003（score=171.4185）", "trace_id": "ef9d0539e90a4dfb862e2482139b63c5", "span_id": "a14745bff8a84e49"}
{"timestamp": "2026-07-24T16:43:00.383+08:00", "level": "INFO", "message": "  ⚙ Skill [case_retrieval] 执行成功", "trace_id": "ef9d0539e90a4dfb862e2482139b63c5", "span_id": "a14745bff8a84e49", "skill": "case_retrieval", "duration_ms": 2.16}
{"timestamp": "2026-07-24T16:43:00.383+08:00", "level": "INFO", "message": "  ✦ 分析结论: 综合分析：链路数据显示 api-gateway 客户端侧耗时 1.5s 而 user-service 服务端处理仅 40ms 左右，耗时差集中在网络传输段；服务端指标平稳、无错误日志，且延迟恶化时间点与可用区 B 网络 ACL 策略变更吻合，判定为网络链路问题，建议回滚该网络变更并联动网络团队核查。", "trace_id": "ef9d0539e90a4dfb862e2482139b63c5", "span_id": "18315c7debb2403a"}
{"timestamp": "2026-07-24T16:43:00.383+08:00", "level": "INFO", "message": "■ Agent [RcaAgent] 工作完成", "trace_id": "ef9d0539e90a4dfb862e2482139b63c5", "span_id": "18315c7debb2403a"}
{"timestamp": "2026-07-24T16:43:00.383+08:00", "level": "INFO", "message": "▶ Agent [PlannerAgent] 开始工作（角色: 修复方案规划专家）", "trace_id": "ef9d0539e90a4dfb862e2482139b63c5", "span_id": "b2e39b3eb290462c"}
{"timestamp": "2026-07-24T16:43:00.383+08:00", "level": "INFO", "message": "  ⚙ Skill [runbook_rag] 开始执行", "trace_id": "ef9d0539e90a4dfb862e2482139b63c5", "span_id": "c7aaa8531b5341d3", "skill": "runbook_rag"}
{"timestamp": "2026-07-24T16:43:00.386+08:00", "level": "INFO", "message": "    ⌕ Runbook 检索: 命中 3 条，Top1=RB-003（score=134.2319）", "trace_id": "ef9d0539e90a4dfb862e2482139b63c5", "span_id": "c7aaa8531b5341d3"}
{"timestamp": "2026-07-24T16:43:00.386+08:00", "level": "INFO", "message": "  ⚙ Skill [runbook_rag] 执行成功", "trace_id": "ef9d0539e90a4dfb862e2482139b63c5", "span_id": "c7aaa8531b5341d3", "skill": "runbook_rag", "duration_ms": 2.36}
{"timestamp": "2026-07-24T16:43:00.386+08:00", "level": "INFO", "message": "  ✦ 修复方案已生成: 3 个步骤，风险等级 medium，需审批=True，回滚步骤 1 个，Runbook 依据 3 条", "trace_id": "ef9d0539e90a4dfb862e2482139b63c5", "span_id": "b2e39b3eb290462c"}
{"timestamp": "2026-07-24T16:43:00.386+08:00", "level": "INFO", "message": "■ Agent [PlannerAgent] 工作完成", "trace_id": "ef9d0539e90a4dfb862e2482139b63c5", "span_id": "b2e39b3eb290462c"}
{"timestamp": "2026-07-24T16:43:00.386+08:00", "level": "INFO", "message": "▶ Agent [ExecutorAgent] 开始工作（角色: 安全执行专家）", "trace_id": "ef9d0539e90a4dfb862e2482139b63c5", "span_id": "82e5a6c2677f4200"}
{"timestamp": "2026-07-24T16:43:00.386+08:00", "level": "INFO", "message": "  ⚙ Skill [risk_guard] 开始执行", "trace_id": "ef9d0539e90a4dfb862e2482139b63c5", "span_id": "de4fd92abe564b89", "skill": "risk_guard"}
{"timestamp": "2026-07-24T16:43:00.386+08:00", "level": "INFO", "message": "    ⚖ 风险评估: 综合风险=medium，影响服务 2 个，需审批=True", "trace_id": "ef9d0539e90a4dfb862e2482139b63c5", "span_id": "de4fd92abe564b89"}
{"timestamp": "2026-07-24T16:43:00.386+08:00", "level": "INFO", "message": "  ⚙ Skill [risk_guard] 执行成功", "trace_id": "ef9d0539e90a4dfb862e2482139b63c5", "span_id": "de4fd92abe564b89", "skill": "risk_guard", "duration_ms": 0.01}
{"timestamp": "2026-07-24T16:43:00.386+08:00", "level": "INFO", "message": "  ✔ 审批通过（auto-approve / auto），开始安全执行", "trace_id": "ef9d0539e90a4dfb862e2482139b63c5", "span_id": "82e5a6c2677f4200"}
{"timestamp": "2026-07-24T16:43:00.386+08:00", "level": "INFO", "message": "  ⚙ Skill [safe_execute] 开始执行", "trace_id": "ef9d0539e90a4dfb862e2482139b63c5", "span_id": "ba1763c6ae4545c8", "skill": "safe_execute"}
{"timestamp": "2026-07-24T16:43:00.386+08:00", "level": "ERROR", "message": "    ✗ 动作 #1 执行失败: RevokeSecurityGroup 被拒绝（Forbidden）：目标安全组规则已被网络防火墙基线策略锁定，需网络团队解锁后方可回滚", "trace_id": "ef9d0539e90a4dfb862e2482139b63c5", "span_id": "745891cd36d544cb"}
{"timestamp": "2026-07-24T16:43:00.387+08:00", "level": "WARN", "message": "    ⟲ 触发自动回滚：逆序恢复 1 个检查点", "trace_id": "ef9d0539e90a4dfb862e2482139b63c5", "span_id": "fec58824331f4b17"}
{"timestamp": "2026-07-24T16:43:00.387+08:00", "level": "INFO", "message": "    ✓ 动作 #2 执行成功（备选动作）: 将网关流量临时切换至可用区 A，绕开受影响链路", "trace_id": "ef9d0539e90a4dfb862e2482139b63c5", "span_id": "3cc9d883882145ad"}
{"timestamp": "2026-07-24T16:43:00.387+08:00", "level": "INFO", "message": "  ⚙ Skill [safe_execute] 执行成功", "trace_id": "ef9d0539e90a4dfb862e2482139b63c5", "span_id": "ba1763c6ae4545c8", "skill": "safe_execute", "duration_ms": 0.66}
{"timestamp": "2026-07-24T16:43:00.387+08:00", "level": "INFO", "message": "  ✦ 执行完成: 状态=success_with_rollback，动作 3 个，回滚 1 次", "trace_id": "ef9d0539e90a4dfb862e2482139b63c5", "span_id": "82e5a6c2677f4200"}
{"timestamp": "2026-07-24T16:43:00.387+08:00", "level": "INFO", "message": "■ Agent [ExecutorAgent] 工作完成", "trace_id": "ef9d0539e90a4dfb862e2482139b63c5", "span_id": "82e5a6c2677f4200"}
{"timestamp": "2026-07-24T16:43:00.387+08:00", "level": "INFO", "message": "▶ Agent [VerifierAgent] 开始工作（角色: 恢复验证与复盘专家）", "trace_id": "ef9d0539e90a4dfb862e2482139b63c5", "span_id": "c384bd116a484a1c"}
{"timestamp": "2026-07-24T16:43:00.387+08:00", "level": "INFO", "message": "  ⚙ Skill [recovery_verify] 开始执行", "trace_id": "ef9d0539e90a4dfb862e2482139b63c5", "span_id": "b7d3e7c5b8d945fe", "skill": "recovery_verify"}
{"timestamp": "2026-07-24T16:43:00.387+08:00", "level": "INFO", "message": "    ✓ 验证通过：2 项异常指标中 2 项已回归基线，告警条件已消除", "trace_id": "ef9d0539e90a4dfb862e2482139b63c5", "span_id": "b7d3e7c5b8d945fe"}
{"timestamp": "2026-07-24T16:43:00.387+08:00", "level": "INFO", "message": "  ⚙ Skill [recovery_verify] 执行成功", "trace_id": "ef9d0539e90a4dfb862e2482139b63c5", "span_id": "b7d3e7c5b8d945fe", "skill": "recovery_verify", "duration_ms": 0.34}
{"timestamp": "2026-07-24T16:43:00.387+08:00", "level": "INFO", "message": "  ⚙ Skill [postmortem] 开始执行", "trace_id": "ef9d0539e90a4dfb862e2482139b63c5", "span_id": "1b98fca7dd9440ac", "skill": "postmortem"}
{"timestamp": "2026-07-24T16:43:00.387+08:00", "level": "INFO", "message": "    ✦ 复盘完成: 时间线 12 项，处置动作 3 个，改进建议 3 条", "trace_id": "ef9d0539e90a4dfb862e2482139b63c5", "span_id": "1b98fca7dd9440ac"}
{"timestamp": "2026-07-24T16:43:00.387+08:00", "level": "INFO", "message": "  ⚙ Skill [postmortem] 执行成功", "trace_id": "ef9d0539e90a4dfb862e2482139b63c5", "span_id": "1b98fca7dd9440ac", "skill": "postmortem", "duration_ms": 0.03}
{"timestamp": "2026-07-24T16:43:00.388+08:00", "level": "INFO", "message": "  ✦ 验证与复盘完成: 验证通过，案例沉淀=已写入 CASE-BAE6F9F1", "trace_id": "ef9d0539e90a4dfb862e2482139b63c5", "span_id": "c384bd116a484a1c"}
{"timestamp": "2026-07-24T16:43:00.388+08:00", "level": "INFO", "message": "■ Agent [VerifierAgent] 工作完成", "trace_id": "ef9d0539e90a4dfb862e2482139b63c5", "span_id": "c384bd116a484a1c"}
{"timestamp": "2026-07-24T16:43:00.389+08:00", "level": "INFO", "message": "════ 流水线结束，产物已落盘 ════", "trace_id": "ef9d0539e90a4dfb862e2482139b63c5", "span_id": "", "report": "incident_report_network_latency_20260724_164300.json", "trace": "trace_ef9d0539e90a4dfb862e2482139b63c5.json", "audit": "audit_20260724_164300.jsonl", "metrics": "metrics_ef9d0539e90a4dfb862e2482139b63c5.json", "degraded": false}
