[16:43:00] INFO  ════ OpsPilot-Insight 流水线启动 ════  (scenario=container_oom trace_id=a681d0df175540dd8bb5251137a56000 rag_backend=local)
[16:43:00] INFO  ▶ Agent [AlertAgent] 开始工作（角色: 告警接入与影响面评估专家）
[16:43:00] INFO    ⚙ Skill [alert_fusion] 开始执行  (skill=alert_fusion)
[16:43:00] INFO      告警收敛: 4 条原始告警 -> 3 条去重 -> 3 个告警组  (services=api-gateway,payment-service)
[16:43:00] INFO    ⚙ Skill [alert_fusion] 执行成功  (skill=alert_fusion duration_ms=0.05)
[16:43:00] INFO    ⚙ Skill [impact_mapping] 开始执行  (skill=impact_mapping)
[16:43:00] INFO      影响面: 直接受影响 ['api-gateway', 'payment-service']，波及上游 []，用户可感知=True
[16:43:00] INFO    ⚙ Skill [impact_mapping] 执行成功  (skill=impact_mapping duration_ms=0.31)
[16:43:00] INFO    ✦ 事件摘要: payment-service 容器内存持续增长触发 OOMKilled 并进入 CrashLoopBackOff，支付成功率下降，用户侧出现支付失败与重试，属 P1 级业务受损事件。
[16:43:00] INFO  ■ Agent [AlertAgent] 工作完成
[16:43:00] INFO  ▶ Agent [RcaAgent] 开始工作（角色: 多维根因分析专家）
[16:43:00] INFO    ⚙ Skill [log_trace_rca] 开始执行  (skill=log_trace_rca)
[16:43:00] INFO      日志分析: 7 条异常日志，主导模式=container_oom  (matched={'container_oom': 5})
[16:43:00] INFO      指标分析: 检出 3 项异常指标  (anomalies=['container_memory_working_set_bytes', 'jvm_heap_used_bytes', 'kube_pod_container_status_restarts_total'])
[16:43:00] INFO      链路分析: 错误 span 2 个，慢 span 0 个
[16:43:00] INFO      变更分析: 时间窗内 2 条变更，服务相关 1 条  (related=['CHG-20260723-0021'])
[16:43:00] INFO      根因候选: 2 个，Top1 置信度 0.95  (top1=payment-service 容器内存持续增长触发 OOMKilled，疑似由变更 CHG-20260723-0021)
[16:43:00] INFO    ⚙ Skill [log_trace_rca] 执行成功  (skill=log_trace_rca duration_ms=0.78)
[16:43:00] INFO    ✦ 选定根因（置信度 0.95）: payment-service 容器内存持续增长触发 OOMKilled，疑似由变更 CHG-20260723-0021（支付服务 v3.8.2 发布：开启 Caffeine 本地缓存加速风控规则查询）引入内存膨胀导致
[16:43:00] INFO    ⚙ Skill [case_retrieval] 开始执行  (skill=case_retrieval)
[16:43:00] INFO      ⌕ 历史案例检索: 命中 3 条，Top1=CASE-2025-002（score=118.5837）
[16:43:00] INFO    ⚙ Skill [case_retrieval] 执行成功  (skill=case_retrieval duration_ms=1.73)
[16:43:00] INFO    ✦ 分析结论: 综合分析：JVM 抛出 OutOfMemoryError、内核 oom-killer 记录与容器工作集内存逼近 limit 的曲线相互印证；内存开始爬升的时间点与支付服务开启本地缓存的变更时间一致，判定为缓存上限配置错误导致内存膨胀触发 OOM，建议回滚该变更。
[16:43:00] INFO  ■ Agent [RcaAgent] 工作完成
[16:43:00] INFO  ▶ Agent [PlannerAgent] 开始工作（角色: 修复方案规划专家）
[16:43:00] INFO    ⚙ Skill [runbook_rag] 开始执行  (skill=runbook_rag)
[16:43:00] INFO      ⌕ Runbook 检索: 命中 3 条，Top1=RB-002（score=55.4592）
[16:43:00] INFO    ⚙ Skill [runbook_rag] 执行成功  (skill=runbook_rag duration_ms=1.86)
[16:43:00] INFO    ✦ 修复方案已生成: 3 个步骤，风险等级 medium，需审批=True，回滚步骤 1 个，Runbook 依据 3 条
[16:43:00] INFO  ■ Agent [PlannerAgent] 工作完成
[16:43:00] INFO  ▶ Agent [ExecutorAgent] 开始工作（角色: 安全执行专家）
[16:43:00] INFO    ⚙ Skill [risk_guard] 开始执行  (skill=risk_guard)
[16:43:00] INFO      ⚖ 风险评估: 综合风险=medium，影响服务 2 个，需审批=True
[16:43:00] INFO    ⚙ Skill [risk_guard] 执行成功  (skill=risk_guard duration_ms=0.01)
[16:43:00] INFO    ✔ 审批通过（auto-approve / auto），开始安全执行
[16:43:00] INFO    ⚙ Skill [safe_execute] 开始执行  (skill=safe_execute)
[16:43:00] INFO      ✓ 动作 #1 执行成功: 回滚可疑变更 CHG-20260723-0021，移除内存膨胀源
[16:43:00] INFO      ✓ 动作 #2 执行成功: 临时上调容器内存 limit，提供恢复缓冲
[16:43:00] INFO      ✓ 动作 #3 执行成功: 重启后采集 heap dump 留存证据，供复盘分析
[16:43:00] INFO    ⚙ Skill [safe_execute] 执行成功  (skill=safe_execute duration_ms=0.18)
[16:43:00] INFO    ✦ 执行完成: 状态=success，动作 3 个，回滚 0 次
[16:43:00] INFO  ■ Agent [ExecutorAgent] 工作完成
[16:43:00] INFO  ▶ Agent [VerifierAgent] 开始工作（角色: 恢复验证与复盘专家）
[16:43:00] INFO    ⚙ Skill [recovery_verify] 开始执行  (skill=recovery_verify)
[16:43:00] INFO      ✓ 验证通过：4 项异常指标中 4 项已回归基线，告警条件已消除
[16:43:00] INFO    ⚙ Skill [recovery_verify] 执行成功  (skill=recovery_verify duration_ms=0.35)
[16:43:00] INFO    ⚙ Skill [postmortem] 开始执行  (skill=postmortem)
[16:43:00] INFO      ✦ 复盘完成: 时间线 10 项，处置动作 3 个，改进建议 2 条
[16:43:00] INFO    ⚙ Skill [postmortem] 执行成功  (skill=postmortem duration_ms=0.02)
[16:43:00] INFO    ✦ 验证与复盘完成: 验证通过，案例沉淀=已写入 CASE-48936CDD
[16:43:00] INFO  ■ Agent [VerifierAgent] 工作完成
[16:43:00] INFO  ════ 流水线结束，产物已落盘 ════  (report=incident_report_container_oom_20260724_164300.json trace=trace_a681d0df175540dd8bb5251137a56000.json audit=audit_20260724_164300.jsonl metrics=metrics_a681d0df175540dd8bb5251137a56000.json degraded=False)

════════════════════════════════════════════════════════════════════════
  OpsPilot-Insight 诊断报告  RPT-196686B5
════════════════════════════════════════════════════════════════════════
场景        : container_oom
事件        : KubeContainerOOMKilled @ payment-service（INC-6E3805E8，严重度 critical）
Trace ID    : a681d0df175540dd8bb5251137a56000

── 告警摘要 ──────────────────────────────────────────────────────────
原始告警 4 条 -> 去重 3 条 -> 聚合 3 组
  · [critical] KubeContainerOOMKilled @ payment-service ×1  payment-service 容器被 OOMKilled
  · [critical] KubePodCrashLooping @ payment-service ×1  payment-service Pod 进入 CrashLoopBackOff
  · [warning] PaymentHighErrorRate @ api-gateway ×1  api-gateway 支付路由错误率升高
事件概述: payment-service 容器内存持续增长触发 OOMKilled 并进入 CrashLoopBackOff，支付成功率下降，用户侧出现支付失败与重试，属 P1 级业务受损事件。

── 影响面 ────────────────────────────────────────────────────────────
受影响服务: api-gateway, payment-service
爆炸半径  : api-gateway, payment-service（2 个服务）
用户影响  : 故障已沿调用链传播至入口服务 ['api-gateway']，用户侧可感知

── 根因分析 ──────────────────────────────────────────────────────────
根因结论（置信度 0.95）: payment-service 容器内存持续增长触发 OOMKilled，疑似由变更 CHG-20260723-0021（支付服务 v3.8.2 发布：开启 Caffeine 本地缓存加速风控规则查询）引入内存膨胀导致
证据链:
  [strong ] logs     命中 container_oom 模式的异常日志 5 条
            · [payment-service] java.lang.OutOfMemoryError: Java heap space at java.base/java.util.concurrent.ConcurrentHashMap.putVal(ConcurrentHashMap.java:1099)
            · [payment-service] java invoked oom-killer: gfp_mask=0x14200ca(GFP_HIGHUSER_MOVABLE), order=0, oom_score_adj=968; Memory cgroup out of memory: Killed process 23847 (java) total-vm:6291456kB
            · [payment-service] Container payment-service in pod payment-service-7d9f8c6b5-w8jql was OOMKilled, lastState: terminated, reason: OOMKilled, exitCode: 137
  [strong ] metrics  检出 3 项异常指标，其中 3 项与该模式直接相关
            · container_memory_working_set_bytes(payment-service): 1606.67 -> 3956.67 MiB
            · jvm_heap_used_bytes(payment-service): 1273.33 -> 3173.33 MiB
            · kube_pod_container_status_restarts_total(payment-service): 0.33 -> 4.0 restarts
  [strong ] traces   受影响服务上定位到 2 个错误/慢 span
            · api-gateway.POST /api/pay/create: 63ms [ERROR]
            · payment-service.PaymentController.create: 5ms [ERROR]
  [strong ] changes  告警前 4h 内存在关联变更 CHG-20260723-0021（支付服务 v3.8.2 发布：开启 Caffeine 本地缓存加速风控规则查询，发布单 REL-20260723-8907）
            · CHG-20260723-0021 @ 2026-07-23T07:40:00+08:00 by liuyang
备选假设（置信度 0.15）: 下游依赖抖动引发的连锁反应（低置信度备选假设，主假设不成立时排查）
相似历史案例（RAG 检索）:
  · [CASE-2025-002] 支付服务本地缓存无上限导致 OOMKilled（score=118.5837）
  · [CASE-5CBEC871] DBConnectionPoolExhausted @ order-service（score=68.4673）
  · [CASE-2025-010] 灰度配置误推全量导致风控规则击穿（score=35.2126）

── 修复方案 ──────────────────────────────────────────────────────────
方案 PLAN-C5BC54A9  风险等级: medium  需人工审批: 是
Runbook 依据: RB-002 容器 OOMKilled 应急处置手册、RB-012 JVM GC 停顿劣化排查手册、RB-003 跨可用区网络延迟劣化与 ACL 排查手册
方案说明: 建议回滚引入缓存配置错误的发布，并临时上调内存 limit 提供缓冲，重启后采集heap dump 留存证据；观察内存曲线与重启次数，确认不再触发 OOMKilled。
修复步骤:
  1. [rollback_change] 回滚可疑变更 CHG-20260723-0021，移除内存膨胀源
     $ kubectl rollout undo deployment/payment-service -n prod
     预期: 内存增长曲线恢复平稳
  2. [config_update] 临时上调容器内存 limit，提供恢复缓冲
     $ kubectl patch deployment payment-service -n prod --patch '{"spec":{"template":{"spec":{"containers":[{"name":"payment-service","resources":{"limits":{"memory":"6Gi"}}}]}}}}'
     预期: 短期内不再触发 OOMKilled
  3. [diagnostic_capture] 重启后采集 heap dump 留存证据，供复盘分析
     $ kubectl exec deploy/payment-service -n prod -- jmap -dump:live,file=/tmp/heap.hprof 1
     预期: 获得内存快照，定位具体泄漏对象
回滚计划:
  1. 若回滚后仍持续 OOM，恢复内存 limit 原值并升级人工介入
     $ kubectl patch deployment payment-service -n prod --patch '{"spec":{"template":{"spec":{"containers":[{"name":"payment-service","resources":{"limits":{"memory":"4Gi"}}}]}}}}'

── 审批与执行 ────────────────────────────────────────────────────────
审批记录: 通过  审批人=auto-approve  方式=auto  时间=2026-07-24T16:43:00+08:00
审批说明: 自动审批模式（--auto-approve）
执行状态: success（实际执行=是）
  ✓ 动作 1 [rollback_change] 回滚可疑变更 CHG-20260723-0021，移除内存膨胀源
    状态=success  幂等键=b956490af64edd97  检查点=CKPT-70EDC4F2
    动作执行成功（Mock）: rollback_change
  ✓ 动作 2 [config_update] 临时上调容器内存 limit，提供恢复缓冲
    状态=success  幂等键=90ae9540c5e09cef  检查点=CKPT-604E2020
    动作执行成功（Mock）: config_update
  ✓ 动作 3 [diagnostic_capture] 重启后采集 heap dump 留存证据，供复盘分析
    状态=success  幂等键=06c33cc6b2ae4e00  检查点=CKPT-33CE89E1
    动作执行成功（Mock）: diagnostic_capture

── 恢复验证 ──────────────────────────────────────────────────────────
验证结论: 验证通过：4 项异常指标中 4 项已回归基线，告警条件已消除
  ✓ container_memory_working_set_bytes @ payment-service: 基线 1180.0MiB -> 故障 4090.0MiB -> 修复后 1250.0MiB
  ✓ jvm_heap_used_bytes @ payment-service: 基线 890.0MiB -> 故障 3260.0MiB -> 修复后 910.0MiB
  ✓ kube_pod_container_status_restarts_total @ payment-service: 基线 0.0restarts -> 故障 6.0restarts -> 修复后 0.0restarts
  ✓ payment_success_rate_percent @ payment-service: 基线 99.9% -> 故障 78.3% -> 修复后 99.9%

── 事故复盘 ──────────────────────────────────────────────────────────
复盘总结: 本次事故由支付服务本地缓存配置错误引发内存膨胀至 OOMKilled，处置链路为回滚变更、临时上调内存 limit、采集 heap dump 留证，修复后内存曲线平稳、支付成功率恢复；后续需将内存 limit 变更纳入容量评审并配置内存比例预警。
根因: payment-service 容器内存持续增长触发 OOMKilled，疑似由变更 CHG-20260723-0021（支付服务 v3.8.2 发布：开启 Caffeine 本地缓存加速风控规则查询）引入内存膨胀导致
处置动作:
  · 回滚可疑变更 CHG-20260723-0021，移除内存膨胀源
  · 临时上调容器内存 limit，提供恢复缓冲
  · 重启后采集 heap dump 留存证据，供复盘分析
效果: 验证通过：4 项异常指标中 4 项已回归基线，告警条件已消除
改进建议:
  · 发布流水线增加内存基线对比，容器内存 limit 变更纳入容量评审
  · 为容器 WorkingSet/limit 比例配置预警，OOMKilled 事件自动关联最近变更
知识库沉淀: 已写入案例 CASE-48936CDD

── 可观测产物 ────────────────────────────────────────────────────────
  report : /tmp/evi/container_oom/incident_report_container_oom_20260724_164300.json
  trace  : /tmp/evi/container_oom/trace_a681d0df175540dd8bb5251137a56000.json
  log    : /tmp/evi/container_oom/run_20260724_164300.log
  audit  : /tmp/evi/container_oom/audit_20260724_164300.jsonl
  metrics: /tmp/evi/container_oom/metrics_a681d0df175540dd8bb5251137a56000.json
════════════════════════════════════════════════════════════════════════
