{"timestamp": "2026-07-24T16:43:00.208+08:00", "level": "INFO", "message": "════ OpsPilot-Insight 流水线启动 ════", "trace_id": "a681d0df175540dd8bb5251137a56000", "span_id": "", "scenario": "container_oom", "rag_backend": "local"}
{"timestamp": "2026-07-24T16:43:00.208+08:00", "level": "INFO", "message": "▶ Agent [AlertAgent] 开始工作（角色: 告警接入与影响面评估专家）", "trace_id": "a681d0df175540dd8bb5251137a56000", "span_id": "092f3689a41647d3"}
{"timestamp": "2026-07-24T16:43:00.208+08:00", "level": "INFO", "message": "  ⚙ Skill [alert_fusion] 开始执行", "trace_id": "a681d0df175540dd8bb5251137a56000", "span_id": "950ac6e1a2ea4128", "skill": "alert_fusion"}
{"timestamp": "2026-07-24T16:43:00.208+08:00", "level": "INFO", "message": "    告警收敛: 4 条原始告警 -> 3 条去重 -> 3 个告警组", "trace_id": "a681d0df175540dd8bb5251137a56000", "span_id": "950ac6e1a2ea4128", "services": "api-gateway,payment-service"}
{"timestamp": "2026-07-24T16:43:00.208+08:00", "level": "INFO", "message": "  ⚙ Skill [alert_fusion] 执行成功", "trace_id": "a681d0df175540dd8bb5251137a56000", "span_id": "950ac6e1a2ea4128", "skill": "alert_fusion", "duration_ms": 0.05}
{"timestamp": "2026-07-24T16:43:00.208+08:00", "level": "INFO", "message": "  ⚙ Skill [impact_mapping] 开始执行", "trace_id": "a681d0df175540dd8bb5251137a56000", "span_id": "db595e2f4b2540f9", "skill": "impact_mapping"}
{"timestamp": "2026-07-24T16:43:00.209+08:00", "level": "INFO", "message": "    影响面: 直接受影响 ['api-gateway', 'payment-service']，波及上游 []，用户可感知=True", "trace_id": "a681d0df175540dd8bb5251137a56000", "span_id": "db595e2f4b2540f9"}
{"timestamp": "2026-07-24T16:43:00.209+08:00", "level": "INFO", "message": "  ⚙ Skill [impact_mapping] 执行成功", "trace_id": "a681d0df175540dd8bb5251137a56000", "span_id": "db595e2f4b2540f9", "skill": "impact_mapping", "duration_ms": 0.31}
{"timestamp": "2026-07-24T16:43:00.209+08:00", "level": "INFO", "message": "  ✦ 事件摘要: payment-service 容器内存持续增长触发 OOMKilled 并进入 CrashLoopBackOff，支付成功率下降，用户侧出现支付失败与重试，属 P1 级业务受损事件。", "trace_id": "a681d0df175540dd8bb5251137a56000", "span_id": "092f3689a41647d3"}
{"timestamp": "2026-07-24T16:43:00.209+08:00", "level": "INFO", "message": "■ Agent [AlertAgent] 工作完成", "trace_id": "a681d0df175540dd8bb5251137a56000", "span_id": "092f3689a41647d3"}
{"timestamp": "2026-07-24T16:43:00.209+08:00", "level": "INFO", "message": "▶ Agent [RcaAgent] 开始工作（角色: 多维根因分析专家）", "trace_id": "a681d0df175540dd8bb5251137a56000", "span_id": "7e6c50b7d3c44b0e"}
{"timestamp": "2026-07-24T16:43:00.209+08:00", "level": "INFO", "message": "  ⚙ Skill [log_trace_rca] 开始执行", "trace_id": "a681d0df175540dd8bb5251137a56000", "span_id": "716c2e628c184dd7", "skill": "log_trace_rca"}
{"timestamp": "2026-07-24T16:43:00.209+08:00", "level": "INFO", "message": "    日志分析: 7 条异常日志，主导模式=container_oom", "trace_id": "a681d0df175540dd8bb5251137a56000", "span_id": "716c2e628c184dd7", "matched": {"container_oom": 5}}
{"timestamp": "2026-07-24T16:43:00.209+08:00", "level": "INFO", "message": "    指标分析: 检出 3 项异常指标", "trace_id": "a681d0df175540dd8bb5251137a56000", "span_id": "716c2e628c184dd7", "anomalies": ["container_memory_working_set_bytes", "jvm_heap_used_bytes", "kube_pod_container_status_restarts_total"]}
{"timestamp": "2026-07-24T16:43:00.209+08:00", "level": "INFO", "message": "    链路分析: 错误 span 2 个，慢 span 0 个", "trace_id": "a681d0df175540dd8bb5251137a56000", "span_id": "716c2e628c184dd7"}
{"timestamp": "2026-07-24T16:43:00.210+08:00", "level": "INFO", "message": "    变更分析: 时间窗内 2 条变更，服务相关 1 条", "trace_id": "a681d0df175540dd8bb5251137a56000", "span_id": "716c2e628c184dd7", "related": ["CHG-20260723-0021"]}
{"timestamp": "2026-07-24T16:43:00.210+08:00", "level": "INFO", "message": "    根因候选: 2 个，Top1 置信度 0.95", "trace_id": "a681d0df175540dd8bb5251137a56000", "span_id": "716c2e628c184dd7", "top1": "payment-service 容器内存持续增长触发 OOMKilled，疑似由变更 CHG-20260723-0021"}
{"timestamp": "2026-07-24T16:43:00.210+08:00", "level": "INFO", "message": "  ⚙ Skill [log_trace_rca] 执行成功", "trace_id": "a681d0df175540dd8bb5251137a56000", "span_id": "716c2e628c184dd7", "skill": "log_trace_rca", "duration_ms": 0.78}
{"timestamp": "2026-07-24T16:43:00.210+08:00", "level": "INFO", "message": "  ✦ 选定根因（置信度 0.95）: payment-service 容器内存持续增长触发 OOMKilled，疑似由变更 CHG-20260723-0021（支付服务 v3.8.2 发布：开启 Caffeine 本地缓存加速风控规则查询）引入内存膨胀导致", "trace_id": "a681d0df175540dd8bb5251137a56000", "span_id": "7e6c50b7d3c44b0e"}
{"timestamp": "2026-07-24T16:43:00.210+08:00", "level": "INFO", "message": "  ⚙ Skill [case_retrieval] 开始执行", "trace_id": "a681d0df175540dd8bb5251137a56000", "span_id": "4d5038f6bcad4976", "skill": "case_retrieval"}
{"timestamp": "2026-07-24T16:43:00.211+08:00", "level": "INFO", "message": "    ⌕ 历史案例检索: 命中 3 条，Top1=CASE-2025-002（score=118.5837）", "trace_id": "a681d0df175540dd8bb5251137a56000", "span_id": "4d5038f6bcad4976"}
{"timestamp": "2026-07-24T16:43:00.211+08:00", "level": "INFO", "message": "  ⚙ Skill [case_retrieval] 执行成功", "trace_id": "a681d0df175540dd8bb5251137a56000", "span_id": "4d5038f6bcad4976", "skill": "case_retrieval", "duration_ms": 1.73}
{"timestamp": "2026-07-24T16:43:00.212+08:00", "level": "INFO", "message": "  ✦ 分析结论: 综合分析：JVM 抛出 OutOfMemoryError、内核 oom-killer 记录与容器工作集内存逼近 limit 的曲线相互印证；内存开始爬升的时间点与支付服务开启本地缓存的变更时间一致，判定为缓存上限配置错误导致内存膨胀触发 OOM，建议回滚该变更。", "trace_id": "a681d0df175540dd8bb5251137a56000", "span_id": "7e6c50b7d3c44b0e"}
{"timestamp": "2026-07-24T16:43:00.212+08:00", "level": "INFO", "message": "■ Agent [RcaAgent] 工作完成", "trace_id": "a681d0df175540dd8bb5251137a56000", "span_id": "7e6c50b7d3c44b0e"}
{"timestamp": "2026-07-24T16:43:00.212+08:00", "level": "INFO", "message": "▶ Agent [PlannerAgent] 开始工作（角色: 修复方案规划专家）", "trace_id": "a681d0df175540dd8bb5251137a56000", "span_id": "4f712ac6451c4000"}
{"timestamp": "2026-07-24T16:43:00.212+08:00", "level": "INFO", "message": "  ⚙ Skill [runbook_rag] 开始执行", "trace_id": "a681d0df175540dd8bb5251137a56000", "span_id": "5995d28dc1a54280", "skill": "runbook_rag"}
{"timestamp": "2026-07-24T16:43:00.214+08:00", "level": "INFO", "message": "    ⌕ Runbook 检索: 命中 3 条，Top1=RB-002（score=55.4592）", "trace_id": "a681d0df175540dd8bb5251137a56000", "span_id": "5995d28dc1a54280"}
{"timestamp": "2026-07-24T16:43:00.214+08:00", "level": "INFO", "message": "  ⚙ Skill [runbook_rag] 执行成功", "trace_id": "a681d0df175540dd8bb5251137a56000", "span_id": "5995d28dc1a54280", "skill": "runbook_rag", "duration_ms": 1.86}
{"timestamp": "2026-07-24T16:43:00.214+08:00", "level": "INFO", "message": "  ✦ 修复方案已生成: 3 个步骤，风险等级 medium，需审批=True，回滚步骤 1 个，Runbook 依据 3 条", "trace_id": "a681d0df175540dd8bb5251137a56000", "span_id": "4f712ac6451c4000"}
{"timestamp": "2026-07-24T16:43:00.214+08:00", "level": "INFO", "message": "■ Agent [PlannerAgent] 工作完成", "trace_id": "a681d0df175540dd8bb5251137a56000", "span_id": "4f712ac6451c4000"}
{"timestamp": "2026-07-24T16:43:00.214+08:00", "level": "INFO", "message": "▶ Agent [ExecutorAgent] 开始工作（角色: 安全执行专家）", "trace_id": "a681d0df175540dd8bb5251137a56000", "span_id": "6abe31ff4d974bd7"}
{"timestamp": "2026-07-24T16:43:00.214+08:00", "level": "INFO", "message": "  ⚙ Skill [risk_guard] 开始执行", "trace_id": "a681d0df175540dd8bb5251137a56000", "span_id": "345dd2ada963474f", "skill": "risk_guard"}
{"timestamp": "2026-07-24T16:43:00.214+08:00", "level": "INFO", "message": "    ⚖ 风险评估: 综合风险=medium，影响服务 2 个，需审批=True", "trace_id": "a681d0df175540dd8bb5251137a56000", "span_id": "345dd2ada963474f"}
{"timestamp": "2026-07-24T16:43:00.214+08:00", "level": "INFO", "message": "  ⚙ Skill [risk_guard] 执行成功", "trace_id": "a681d0df175540dd8bb5251137a56000", "span_id": "345dd2ada963474f", "skill": "risk_guard", "duration_ms": 0.01}
{"timestamp": "2026-07-24T16:43:00.214+08:00", "level": "INFO", "message": "  ✔ 审批通过（auto-approve / auto），开始安全执行", "trace_id": "a681d0df175540dd8bb5251137a56000", "span_id": "6abe31ff4d974bd7"}
{"timestamp": "2026-07-24T16:43:00.214+08:00", "level": "INFO", "message": "  ⚙ Skill [safe_execute] 开始执行", "trace_id": "a681d0df175540dd8bb5251137a56000", "span_id": "da0fb9dc1dc24735", "skill": "safe_execute"}
{"timestamp": "2026-07-24T16:43:00.214+08:00", "level": "INFO", "message": "    ✓ 动作 #1 执行成功: 回滚可疑变更 CHG-20260723-0021，移除内存膨胀源", "trace_id": "a681d0df175540dd8bb5251137a56000", "span_id": "6813dd2c482d434a"}
{"timestamp": "2026-07-24T16:43:00.214+08:00", "level": "INFO", "message": "    ✓ 动作 #2 执行成功: 临时上调容器内存 limit，提供恢复缓冲", "trace_id": "a681d0df175540dd8bb5251137a56000", "span_id": "bfe8a33558d74d7e"}
{"timestamp": "2026-07-24T16:43:00.214+08:00", "level": "INFO", "message": "    ✓ 动作 #3 执行成功: 重启后采集 heap dump 留存证据，供复盘分析", "trace_id": "a681d0df175540dd8bb5251137a56000", "span_id": "e0021937cbf94848"}
{"timestamp": "2026-07-24T16:43:00.214+08:00", "level": "INFO", "message": "  ⚙ Skill [safe_execute] 执行成功", "trace_id": "a681d0df175540dd8bb5251137a56000", "span_id": "da0fb9dc1dc24735", "skill": "safe_execute", "duration_ms": 0.18}
{"timestamp": "2026-07-24T16:43:00.214+08:00", "level": "INFO", "message": "  ✦ 执行完成: 状态=success，动作 3 个，回滚 0 次", "trace_id": "a681d0df175540dd8bb5251137a56000", "span_id": "6abe31ff4d974bd7"}
{"timestamp": "2026-07-24T16:43:00.214+08:00", "level": "INFO", "message": "■ Agent [ExecutorAgent] 工作完成", "trace_id": "a681d0df175540dd8bb5251137a56000", "span_id": "6abe31ff4d974bd7"}
{"timestamp": "2026-07-24T16:43:00.214+08:00", "level": "INFO", "message": "▶ Agent [VerifierAgent] 开始工作（角色: 恢复验证与复盘专家）", "trace_id": "a681d0df175540dd8bb5251137a56000", "span_id": "2c0682a0a726479c"}
{"timestamp": "2026-07-24T16:43:00.214+08:00", "level": "INFO", "message": "  ⚙ Skill [recovery_verify] 开始执行", "trace_id": "a681d0df175540dd8bb5251137a56000", "span_id": "6920e92d1e04464b", "skill": "recovery_verify"}
{"timestamp": "2026-07-24T16:43:00.215+08:00", "level": "INFO", "message": "    ✓ 验证通过：4 项异常指标中 4 项已回归基线，告警条件已消除", "trace_id": "a681d0df175540dd8bb5251137a56000", "span_id": "6920e92d1e04464b"}
{"timestamp": "2026-07-24T16:43:00.215+08:00", "level": "INFO", "message": "  ⚙ Skill [recovery_verify] 执行成功", "trace_id": "a681d0df175540dd8bb5251137a56000", "span_id": "6920e92d1e04464b", "skill": "recovery_verify", "duration_ms": 0.35}
{"timestamp": "2026-07-24T16:43:00.215+08:00", "level": "INFO", "message": "  ⚙ Skill [postmortem] 开始执行", "trace_id": "a681d0df175540dd8bb5251137a56000", "span_id": "551bf0c47ea8476a", "skill": "postmortem"}
{"timestamp": "2026-07-24T16:43:00.215+08:00", "level": "INFO", "message": "    ✦ 复盘完成: 时间线 10 项，处置动作 3 个，改进建议 2 条", "trace_id": "a681d0df175540dd8bb5251137a56000", "span_id": "551bf0c47ea8476a"}
{"timestamp": "2026-07-24T16:43:00.215+08:00", "level": "INFO", "message": "  ⚙ Skill [postmortem] 执行成功", "trace_id": "a681d0df175540dd8bb5251137a56000", "span_id": "551bf0c47ea8476a", "skill": "postmortem", "duration_ms": 0.02}
{"timestamp": "2026-07-24T16:43:00.215+08:00", "level": "INFO", "message": "  ✦ 验证与复盘完成: 验证通过，案例沉淀=已写入 CASE-48936CDD", "trace_id": "a681d0df175540dd8bb5251137a56000", "span_id": "2c0682a0a726479c"}
{"timestamp": "2026-07-24T16:43:00.215+08:00", "level": "INFO", "message": "■ Agent [VerifierAgent] 工作完成", "trace_id": "a681d0df175540dd8bb5251137a56000", "span_id": "2c0682a0a726479c"}
{"timestamp": "2026-07-24T16:43:00.216+08:00", "level": "INFO", "message": "════ 流水线结束，产物已落盘 ════", "trace_id": "a681d0df175540dd8bb5251137a56000", "span_id": "", "report": "incident_report_container_oom_20260724_164300.json", "trace": "trace_a681d0df175540dd8bb5251137a56000.json", "audit": "audit_20260724_164300.jsonl", "metrics": "metrics_a681d0df175540dd8bb5251137a56000.json", "degraded": false}
