[16:42:51] INFO  ════ OpsPilot-Insight 流水线启动 ════  (scenario=db_pool_exhaustion trace_id=e0bdd14da3c74f99bac444a24dd248c3 rag_backend=local)
[16:42:51] INFO  ▶ Agent [AlertAgent] 开始工作（角色: 告警接入与影响面评估专家）
[16:42:51] INFO    ⚙ Skill [alert_fusion] 开始执行  (skill=alert_fusion)
[16:42:51] INFO      告警收敛: 4 条原始告警 -> 3 条去重 -> 3 个告警组  (services=api-gateway,order-service)
[16:42:51] INFO    ⚙ Skill [alert_fusion] 执行成功  (skill=alert_fusion duration_ms=0.17)
[16:42:51] INFO    ⚙ Skill [impact_mapping] 开始执行  (skill=impact_mapping)
[16:42:51] INFO      影响面: 直接受影响 ['api-gateway', 'order-service']，波及上游 []，用户可感知=True
[16:42:51] INFO    ⚙ Skill [impact_mapping] 执行成功  (skill=impact_mapping duration_ms=0.4)
[16:42:51] INFO    ✦ 事件摘要: order-service 数据库连接池耗尽，订单查询/下单接口大面积超时报错，并经 api-gateway 以 504 形式扩散至用户侧，属 P1 级业务受损事件。
[16:42:51] INFO  ■ Agent [AlertAgent] 工作完成
[16:42:51] INFO  ▶ Agent [RcaAgent] 开始工作（角色: 多维根因分析专家）
[16:42:51] INFO    ⚙ Skill [log_trace_rca] 开始执行  (skill=log_trace_rca)
[16:42:51] INFO      日志分析: 7 条异常日志，主导模式=db_pool_exhaustion  (matched={'db_pool_exhaustion': 6})
[16:42:51] INFO      指标分析: 检出 3 项异常指标  (anomalies=['hikaricp_connections_active', 'http_server_error_rate_percent', 'gateway_route_p99_latency_ms'])
[16:42:51] INFO      链路分析: 错误 span 3 个，慢 span 0 个
[16:42:51] INFO      变更分析: 时间窗内 2 条变更，服务相关 1 条  (related=['CHG-20260723-0012'])
[16:42:51] INFO      根因候选: 2 个，Top1 置信度 0.95  (top1=order-service 数据库连接池耗尽，疑似由变更 CHG-20260723-0012（订单服务 v2.14.0 )
[16:42:51] INFO    ⚙ Skill [log_trace_rca] 执行成功  (skill=log_trace_rca duration_ms=0.95)
[16:42:51] INFO    ✦ 选定根因（置信度 0.95）: order-service 数据库连接池耗尽，疑似由变更 CHG-20260723-0012（订单服务 v2.14.0 发布：订单批量查询接口重构）引入连接泄漏导致
[16:42:51] INFO    ⚙ Skill [case_retrieval] 开始执行  (skill=case_retrieval)
[16:42:51] INFO      ⌕ 历史案例检索: 命中 3 条，Top1=CASE-2025-001（score=105.1962）
[16:42:51] INFO    ⚙ Skill [case_retrieval] 执行成功  (skill=case_retrieval duration_ms=1.64)
[16:42:51] INFO    ✦ 分析结论: 综合日志、指标、链路与变更四个维度：HikariPool 连接获取超时报错持续出现，连接池活跃连接数在发布后单调爬升至上限且不回落（典型泄漏曲线），慢链路集中在 getConnection 阶段；时间线与订单服务发布变更高度吻合，判定为该变更引入的连接泄漏导致连接池耗尽，建议优先回滚止血。
[16:42:51] INFO  ■ Agent [RcaAgent] 工作完成
[16:42:51] INFO  ▶ Agent [PlannerAgent] 开始工作（角色: 修复方案规划专家）
[16:42:51] INFO    ⚙ Skill [runbook_rag] 开始执行  (skill=runbook_rag)
[16:42:51] INFO      ⌕ Runbook 检索: 命中 3 条，Top1=RB-001（score=64.9641）
[16:42:51] INFO    ⚙ Skill [runbook_rag] 执行成功  (skill=runbook_rag duration_ms=2.75)
[16:42:51] INFO    ✦ 修复方案已生成: 3 个步骤，风险等级 medium，需审批=True，回滚步骤 2 个，Runbook 依据 3 条
[16:42:51] INFO  ■ Agent [PlannerAgent] 工作完成
[16:42:51] INFO  ▶ Agent [ExecutorAgent] 开始工作（角色: 安全执行专家）
[16:42:51] INFO    ⚙ Skill [risk_guard] 开始执行  (skill=risk_guard)
[16:42:51] INFO      ⚖ 风险评估: 综合风险=medium，影响服务 2 个，需审批=True
[16:42:51] INFO    ⚙ Skill [risk_guard] 执行成功  (skill=risk_guard duration_ms=0.02)
[16:42:51] INFO    ✔ 审批通过（auto-approve / auto），开始安全执行
[16:42:51] INFO    ⚙ Skill [safe_execute] 开始执行  (skill=safe_execute)
[16:42:51] INFO      ✓ 动作 #1 执行成功: 回滚可疑变更 CHG-20260723-0012，下线泄漏代码
[16:42:51] INFO      ✓ 动作 #2 执行成功: 临时调大连接池上限，缓解恢复期请求排队
[16:42:51] INFO      ✓ 动作 #3 执行成功: 滚动重启实例，强制释放已泄漏连接
[16:42:51] INFO    ⚙ Skill [safe_execute] 执行成功  (skill=safe_execute duration_ms=0.23)
[16:42:51] INFO    ✦ 执行完成: 状态=success，动作 3 个，回滚 0 次
[16:42:51] INFO  ■ Agent [ExecutorAgent] 工作完成
[16:42:51] INFO  ▶ Agent [VerifierAgent] 开始工作（角色: 恢复验证与复盘专家）
[16:42:51] INFO    ⚙ Skill [recovery_verify] 开始执行  (skill=recovery_verify)
[16:42:51] INFO      ✓ 验证通过：3 项异常指标中 3 项已回归基线，告警条件已消除
[16:42:51] INFO    ⚙ Skill [recovery_verify] 执行成功  (skill=recovery_verify duration_ms=0.56)
[16:42:51] INFO    ⚙ Skill [postmortem] 开始执行  (skill=postmortem)
[16:42:51] INFO      ✦ 复盘完成: 时间线 10 项，处置动作 3 个，改进建议 2 条
[16:42:51] INFO    ⚙ Skill [postmortem] 执行成功  (skill=postmortem duration_ms=0.03)
[16:42:51] INFO    ✦ 验证与复盘完成: 验证通过，案例沉淀=已写入 CASE-5CBEC871
[16:42:51] INFO  ■ Agent [VerifierAgent] 工作完成
[16:42:51] INFO  ════ 流水线结束，产物已落盘 ════  (report=incident_report_db_pool_exhaustion_20260724_164251.json trace=trace_e0bdd14da3c74f99bac444a24dd248c3.json audit=audit_20260724_164251.jsonl metrics=metrics_e0bdd14da3c74f99bac444a24dd248c3.json degraded=False)

════════════════════════════════════════════════════════════════════════
  OpsPilot-Insight 诊断报告  RPT-14FBE5E1
════════════════════════════════════════════════════════════════════════
场景        : db_pool_exhaustion
事件        : DBConnectionPoolExhausted @ order-service（INC-1B589EC0，严重度 critical）
Trace ID    : e0bdd14da3c74f99bac444a24dd248c3

── 告警摘要 ──────────────────────────────────────────────────────────
原始告警 4 条 -> 去重 3 条 -> 聚合 3 组
  · [critical] DBConnectionPoolExhausted @ order-service ×1  order-service 数据库连接池耗尽
  · [critical] HighErrorRate @ order-service ×1  order-service 接口错误率超过 15%
  · [warning] APIHighLatency @ api-gateway ×1  api-gateway 订单路由 P99 延迟超阈值
事件概述: order-service 数据库连接池耗尽，订单查询/下单接口大面积超时报错，并经 api-gateway 以 504 形式扩散至用户侧，属 P1 级业务受损事件。

── 影响面 ────────────────────────────────────────────────────────────
受影响服务: api-gateway, order-service
爆炸半径  : api-gateway, order-service（2 个服务）
用户影响  : 故障已沿调用链传播至入口服务 ['api-gateway']，用户侧可感知

── 根因分析 ──────────────────────────────────────────────────────────
根因结论（置信度 0.95）: order-service 数据库连接池耗尽，疑似由变更 CHG-20260723-0012（订单服务 v2.14.0 发布：订单批量查询接口重构）引入连接泄漏导致
证据链:
  [strong ] logs     命中 db_pool_exhaustion 模式的异常日志 6 条
            · [order-service] HikariPool-1 - Thread starvation or clock leap detected (housekeeper delta=52s643ms).
            · [order-service] HikariPool-1 - Connection is not available, request timed out after 30000ms.
            · [order-service] java.sql.SQLTransientConnectionException: HikariPool-1 - Connection is not available, request timed out after 30000ms. at com.zaxxer.hikari.pool.HikariPool.createTimeoutException(HikariPool.java:696)
  [strong ] metrics  检出 3 项异常指标，其中 2 项与该模式直接相关
            · hikaricp_connections_active(order-service): 14.67 -> 48.67 connections
            · http_server_error_rate_percent(order-service): 0.23 -> 14.2 %
  [strong ] traces   受影响服务上定位到 3 个错误/慢 span
            · api-gateway.GET /api/orders/list: 30045ms [ERROR]
            · order-service.OrderController.listOrders: 30021ms [ERROR]
            · order-service.HikariPool.getConnection: 30000ms [ERROR]
  [strong ] changes  告警前 4h 内存在关联变更 CHG-20260723-0012（订单服务 v2.14.0 发布：订单批量查询接口重构，发布单 REL-20260723-8841）
            · CHG-20260723-0012 @ 2026-07-23T08:05:00+08:00 by chenwei
备选假设（置信度 0.15）: 下游依赖抖动引发的连锁反应（低置信度备选假设，主假设不成立时排查）
相似历史案例（RAG 检索）:
  · [CASE-2025-001] 订单服务连接池耗尽（促销活动前发布引入连接泄漏）（score=105.1962）
  · [CASE-2025-004] 库存服务慢 SQL 拖垮数据库连接池（score=100.2236）
  · [CASE-2025-011] 用户服务线程池打满引发登录超时（score=42.1759）

── 修复方案 ──────────────────────────────────────────────────────────
方案 PLAN-7480CD66  风险等级: medium  需人工审批: 是
Runbook 依据: RB-001 数据库连接池耗尽应急处置与调优规范、RB-012 JVM GC 停顿劣化排查手册、RB-006 连接池/线程池参数临时调整规范
方案说明: 建议先回滚可疑发布以止血，同时临时调大连接池上限缓解排队，再滚动重启释放已泄漏连接；全程观察错误率与池占用指标，30 分钟未恢复则升级人工介入。
修复步骤:
  1. [rollback_change] 回滚可疑变更 CHG-20260723-0012，下线泄漏代码
     $ kubectl rollout undo deployment/order-service -n prod
     预期: 连接泄漏源头消除，池占用逐步回落
  2. [scale_pool] 临时调大连接池上限，缓解恢复期请求排队
     $ kubectl set env deployment/order-service -n prod HIKARI_MAXIMUM_POOL_SIZE=50
     预期: 恢复期内连接获取超时减少
  3. [rolling_restart] 滚动重启实例，强制释放已泄漏连接
     $ kubectl rollout restart deployment/order-service -n prod
     预期: 存量泄漏连接全部回收，错误率归零
回滚计划:
  1. 若回滚后 30 分钟错误率未下降，重新发布当前版本并升级人工介入
     $ kubectl rollout undo deployment/order-service -n prod --to-revision=<current>
  2. 恢复连接池参数为原值
     $ kubectl set env deployment/order-service -n prod HIKARI_MAXIMUM_POOL_SIZE=20

── 审批与执行 ────────────────────────────────────────────────────────
审批记录: 通过  审批人=auto-approve  方式=auto  时间=2026-07-24T16:42:51+08:00
审批说明: 自动审批模式（--auto-approve）
执行状态: success（实际执行=是）
  ✓ 动作 1 [rollback_change] 回滚可疑变更 CHG-20260723-0012，下线泄漏代码
    状态=success  幂等键=bc7689bf969dd19f  检查点=CKPT-427B0167
    动作执行成功（Mock）: rollback_change
  ✓ 动作 2 [scale_pool] 临时调大连接池上限，缓解恢复期请求排队
    状态=success  幂等键=b2e88904934c8fa7  检查点=CKPT-8AEFE6DC
    动作执行成功（Mock）: scale_pool
  ✓ 动作 3 [rolling_restart] 滚动重启实例，强制释放已泄漏连接
    状态=success  幂等键=fc533dd974e70743  检查点=CKPT-9AE5162F
    动作执行成功（Mock）: rolling_restart

── 恢复验证 ──────────────────────────────────────────────────────────
验证结论: 验证通过：3 项异常指标中 3 项已回归基线，告警条件已消除
  ✓ hikaricp_connections_active @ order-service: 基线 9.0connections -> 故障 50.0connections -> 修复后 9.0connections
  ✓ http_server_error_rate_percent @ order-service: 基线 0.2% -> 故障 18.3% -> 修复后 0.2%
  ✓ gateway_route_p99_latency_ms @ api-gateway: 基线 145.0ms -> 故障 30000.0ms -> 修复后 150.0ms

── 事故复盘 ──────────────────────────────────────────────────────────
复盘总结: 本次事故由订单服务发布引入的连接泄漏导致连接池耗尽，处置链路为回滚止血、临时扩容连接池、滚动重启释放存量连接，修复后错误率与池占用均回归基线；后续需在发布流水线增加连接泄漏检查与连接池水位分级告警，缩短同类问题发现时间。
根因: order-service 数据库连接池耗尽，疑似由变更 CHG-20260723-0012（订单服务 v2.14.0 发布：订单批量查询接口重构）引入连接泄漏导致
处置动作:
  · 回滚可疑变更 CHG-20260723-0012，下线泄漏代码
  · 临时调大连接池上限，缓解恢复期请求排队
  · 滚动重启实例，强制释放已泄漏连接
效果: 验证通过：3 项异常指标中 3 项已回归基线，告警条件已消除
改进建议:
  · 上线前压测覆盖连接池水位场景，发布流水线增加连接泄漏静态检查
  · 为连接池使用率配置分级告警（80% 预警 / 95% 紧急），缩短发现时间
知识库沉淀: 已写入案例 CASE-5CBEC871

── 可观测产物 ────────────────────────────────────────────────────────
  report : /tmp/evi/db_pool_exhaustion/incident_report_db_pool_exhaustion_20260724_164251.json
  trace  : /tmp/evi/db_pool_exhaustion/trace_e0bdd14da3c74f99bac444a24dd248c3.json
  log    : /tmp/evi/db_pool_exhaustion/run_20260724_164251.log
  audit  : /tmp/evi/db_pool_exhaustion/audit_20260724_164251.jsonl
  metrics: /tmp/evi/db_pool_exhaustion/metrics_e0bdd14da3c74f99bac444a24dd248c3.json
════════════════════════════════════════════════════════════════════════
