{"timestamp": "2026-07-24T16:42:51.460+08:00", "level": "INFO", "message": "════ OpsPilot-Insight 流水线启动 ════", "trace_id": "e0bdd14da3c74f99bac444a24dd248c3", "span_id": "", "scenario": "db_pool_exhaustion", "rag_backend": "local"}
{"timestamp": "2026-07-24T16:42:51.461+08:00", "level": "INFO", "message": "▶ Agent [AlertAgent] 开始工作（角色: 告警接入与影响面评估专家）", "trace_id": "e0bdd14da3c74f99bac444a24dd248c3", "span_id": "b9e0963a58c94970"}
{"timestamp": "2026-07-24T16:42:51.461+08:00", "level": "INFO", "message": "  ⚙ Skill [alert_fusion] 开始执行", "trace_id": "e0bdd14da3c74f99bac444a24dd248c3", "span_id": "00f5527ba8c840e2", "skill": "alert_fusion"}
{"timestamp": "2026-07-24T16:42:51.461+08:00", "level": "INFO", "message": "    告警收敛: 4 条原始告警 -> 3 条去重 -> 3 个告警组", "trace_id": "e0bdd14da3c74f99bac444a24dd248c3", "span_id": "00f5527ba8c840e2", "services": "api-gateway,order-service"}
{"timestamp": "2026-07-24T16:42:51.461+08:00", "level": "INFO", "message": "  ⚙ Skill [alert_fusion] 执行成功", "trace_id": "e0bdd14da3c74f99bac444a24dd248c3", "span_id": "00f5527ba8c840e2", "skill": "alert_fusion", "duration_ms": 0.17}
{"timestamp": "2026-07-24T16:42:51.461+08:00", "level": "INFO", "message": "  ⚙ Skill [impact_mapping] 开始执行", "trace_id": "e0bdd14da3c74f99bac444a24dd248c3", "span_id": "59128d724b764daa", "skill": "impact_mapping"}
{"timestamp": "2026-07-24T16:42:51.462+08:00", "level": "INFO", "message": "    影响面: 直接受影响 ['api-gateway', 'order-service']，波及上游 []，用户可感知=True", "trace_id": "e0bdd14da3c74f99bac444a24dd248c3", "span_id": "59128d724b764daa"}
{"timestamp": "2026-07-24T16:42:51.462+08:00", "level": "INFO", "message": "  ⚙ Skill [impact_mapping] 执行成功", "trace_id": "e0bdd14da3c74f99bac444a24dd248c3", "span_id": "59128d724b764daa", "skill": "impact_mapping", "duration_ms": 0.4}
{"timestamp": "2026-07-24T16:42:51.462+08:00", "level": "INFO", "message": "  ✦ 事件摘要: order-service 数据库连接池耗尽，订单查询/下单接口大面积超时报错，并经 api-gateway 以 504 形式扩散至用户侧，属 P1 级业务受损事件。", "trace_id": "e0bdd14da3c74f99bac444a24dd248c3", "span_id": "b9e0963a58c94970"}
{"timestamp": "2026-07-24T16:42:51.462+08:00", "level": "INFO", "message": "■ Agent [AlertAgent] 工作完成", "trace_id": "e0bdd14da3c74f99bac444a24dd248c3", "span_id": "b9e0963a58c94970"}
{"timestamp": "2026-07-24T16:42:51.462+08:00", "level": "INFO", "message": "▶ Agent [RcaAgent] 开始工作（角色: 多维根因分析专家）", "trace_id": "e0bdd14da3c74f99bac444a24dd248c3", "span_id": "b9ded04292114feb"}
{"timestamp": "2026-07-24T16:42:51.462+08:00", "level": "INFO", "message": "  ⚙ Skill [log_trace_rca] 开始执行", "trace_id": "e0bdd14da3c74f99bac444a24dd248c3", "span_id": "2a70b63a6bb84719", "skill": "log_trace_rca"}
{"timestamp": "2026-07-24T16:42:51.462+08:00", "level": "INFO", "message": "    日志分析: 7 条异常日志，主导模式=db_pool_exhaustion", "trace_id": "e0bdd14da3c74f99bac444a24dd248c3", "span_id": "2a70b63a6bb84719", "matched": {"db_pool_exhaustion": 6}}
{"timestamp": "2026-07-24T16:42:51.463+08:00", "level": "INFO", "message": "    指标分析: 检出 3 项异常指标", "trace_id": "e0bdd14da3c74f99bac444a24dd248c3", "span_id": "2a70b63a6bb84719", "anomalies": ["hikaricp_connections_active", "http_server_error_rate_percent", "gateway_route_p99_latency_ms"]}
{"timestamp": "2026-07-24T16:42:51.463+08:00", "level": "INFO", "message": "    链路分析: 错误 span 3 个，慢 span 0 个", "trace_id": "e0bdd14da3c74f99bac444a24dd248c3", "span_id": "2a70b63a6bb84719"}
{"timestamp": "2026-07-24T16:42:51.463+08:00", "level": "INFO", "message": "    变更分析: 时间窗内 2 条变更，服务相关 1 条", "trace_id": "e0bdd14da3c74f99bac444a24dd248c3", "span_id": "2a70b63a6bb84719", "related": ["CHG-20260723-0012"]}
{"timestamp": "2026-07-24T16:42:51.463+08:00", "level": "INFO", "message": "    根因候选: 2 个，Top1 置信度 0.95", "trace_id": "e0bdd14da3c74f99bac444a24dd248c3", "span_id": "2a70b63a6bb84719", "top1": "order-service 数据库连接池耗尽，疑似由变更 CHG-20260723-0012（订单服务 v2.14.0 "}
{"timestamp": "2026-07-24T16:42:51.463+08:00", "level": "INFO", "message": "  ⚙ Skill [log_trace_rca] 执行成功", "trace_id": "e0bdd14da3c74f99bac444a24dd248c3", "span_id": "2a70b63a6bb84719", "skill": "log_trace_rca", "duration_ms": 0.95}
{"timestamp": "2026-07-24T16:42:51.463+08:00", "level": "INFO", "message": "  ✦ 选定根因（置信度 0.95）: order-service 数据库连接池耗尽，疑似由变更 CHG-20260723-0012（订单服务 v2.14.0 发布：订单批量查询接口重构）引入连接泄漏导致", "trace_id": "e0bdd14da3c74f99bac444a24dd248c3", "span_id": "b9ded04292114feb"}
{"timestamp": "2026-07-24T16:42:51.463+08:00", "level": "INFO", "message": "  ⚙ Skill [case_retrieval] 开始执行", "trace_id": "e0bdd14da3c74f99bac444a24dd248c3", "span_id": "6622339a60144489", "skill": "case_retrieval"}
{"timestamp": "2026-07-24T16:42:51.465+08:00", "level": "INFO", "message": "    ⌕ 历史案例检索: 命中 3 条，Top1=CASE-2025-001（score=105.1962）", "trace_id": "e0bdd14da3c74f99bac444a24dd248c3", "span_id": "6622339a60144489"}
{"timestamp": "2026-07-24T16:42:51.465+08:00", "level": "INFO", "message": "  ⚙ Skill [case_retrieval] 执行成功", "trace_id": "e0bdd14da3c74f99bac444a24dd248c3", "span_id": "6622339a60144489", "skill": "case_retrieval", "duration_ms": 1.64}
{"timestamp": "2026-07-24T16:42:51.465+08:00", "level": "INFO", "message": "  ✦ 分析结论: 综合日志、指标、链路与变更四个维度：HikariPool 连接获取超时报错持续出现，连接池活跃连接数在发布后单调爬升至上限且不回落（典型泄漏曲线），慢链路集中在 getConnection 阶段；时间线与订单服务发布变更高度吻合，判定为该变更引入的连接泄漏导致连接池耗尽，建议优先回滚止血。", "trace_id": "e0bdd14da3c74f99bac444a24dd248c3", "span_id": "b9ded04292114feb"}
{"timestamp": "2026-07-24T16:42:51.465+08:00", "level": "INFO", "message": "■ Agent [RcaAgent] 工作完成", "trace_id": "e0bdd14da3c74f99bac444a24dd248c3", "span_id": "b9ded04292114feb"}
{"timestamp": "2026-07-24T16:42:51.465+08:00", "level": "INFO", "message": "▶ Agent [PlannerAgent] 开始工作（角色: 修复方案规划专家）", "trace_id": "e0bdd14da3c74f99bac444a24dd248c3", "span_id": "56cc6f7d63d54c5c"}
{"timestamp": "2026-07-24T16:42:51.465+08:00", "level": "INFO", "message": "  ⚙ Skill [runbook_rag] 开始执行", "trace_id": "e0bdd14da3c74f99bac444a24dd248c3", "span_id": "6d2746df195b43b7", "skill": "runbook_rag"}
{"timestamp": "2026-07-24T16:42:51.468+08:00", "level": "INFO", "message": "    ⌕ Runbook 检索: 命中 3 条，Top1=RB-001（score=64.9641）", "trace_id": "e0bdd14da3c74f99bac444a24dd248c3", "span_id": "6d2746df195b43b7"}
{"timestamp": "2026-07-24T16:42:51.468+08:00", "level": "INFO", "message": "  ⚙ Skill [runbook_rag] 执行成功", "trace_id": "e0bdd14da3c74f99bac444a24dd248c3", "span_id": "6d2746df195b43b7", "skill": "runbook_rag", "duration_ms": 2.75}
{"timestamp": "2026-07-24T16:42:51.468+08:00", "level": "INFO", "message": "  ✦ 修复方案已生成: 3 个步骤，风险等级 medium，需审批=True，回滚步骤 2 个，Runbook 依据 3 条", "trace_id": "e0bdd14da3c74f99bac444a24dd248c3", "span_id": "56cc6f7d63d54c5c"}
{"timestamp": "2026-07-24T16:42:51.468+08:00", "level": "INFO", "message": "■ Agent [PlannerAgent] 工作完成", "trace_id": "e0bdd14da3c74f99bac444a24dd248c3", "span_id": "56cc6f7d63d54c5c"}
{"timestamp": "2026-07-24T16:42:51.468+08:00", "level": "INFO", "message": "▶ Agent [ExecutorAgent] 开始工作（角色: 安全执行专家）", "trace_id": "e0bdd14da3c74f99bac444a24dd248c3", "span_id": "fd0cd039c6374b69"}
{"timestamp": "2026-07-24T16:42:51.468+08:00", "level": "INFO", "message": "  ⚙ Skill [risk_guard] 开始执行", "trace_id": "e0bdd14da3c74f99bac444a24dd248c3", "span_id": "3056fe709be444ca", "skill": "risk_guard"}
{"timestamp": "2026-07-24T16:42:51.468+08:00", "level": "INFO", "message": "    ⚖ 风险评估: 综合风险=medium，影响服务 2 个，需审批=True", "trace_id": "e0bdd14da3c74f99bac444a24dd248c3", "span_id": "3056fe709be444ca"}
{"timestamp": "2026-07-24T16:42:51.468+08:00", "level": "INFO", "message": "  ⚙ Skill [risk_guard] 执行成功", "trace_id": "e0bdd14da3c74f99bac444a24dd248c3", "span_id": "3056fe709be444ca", "skill": "risk_guard", "duration_ms": 0.02}
{"timestamp": "2026-07-24T16:42:51.468+08:00", "level": "INFO", "message": "  ✔ 审批通过（auto-approve / auto），开始安全执行", "trace_id": "e0bdd14da3c74f99bac444a24dd248c3", "span_id": "fd0cd039c6374b69"}
{"timestamp": "2026-07-24T16:42:51.468+08:00", "level": "INFO", "message": "  ⚙ Skill [safe_execute] 开始执行", "trace_id": "e0bdd14da3c74f99bac444a24dd248c3", "span_id": "2ac74365d5eb49eb", "skill": "safe_execute"}
{"timestamp": "2026-07-24T16:42:51.469+08:00", "level": "INFO", "message": "    ✓ 动作 #1 执行成功: 回滚可疑变更 CHG-20260723-0012，下线泄漏代码", "trace_id": "e0bdd14da3c74f99bac444a24dd248c3", "span_id": "fb8a04c915b94747"}
{"timestamp": "2026-07-24T16:42:51.469+08:00", "level": "INFO", "message": "    ✓ 动作 #2 执行成功: 临时调大连接池上限，缓解恢复期请求排队", "trace_id": "e0bdd14da3c74f99bac444a24dd248c3", "span_id": "b0ecb67edc694ba6"}
{"timestamp": "2026-07-24T16:42:51.469+08:00", "level": "INFO", "message": "    ✓ 动作 #3 执行成功: 滚动重启实例，强制释放已泄漏连接", "trace_id": "e0bdd14da3c74f99bac444a24dd248c3", "span_id": "62670d2b14304260"}
{"timestamp": "2026-07-24T16:42:51.469+08:00", "level": "INFO", "message": "  ⚙ Skill [safe_execute] 执行成功", "trace_id": "e0bdd14da3c74f99bac444a24dd248c3", "span_id": "2ac74365d5eb49eb", "skill": "safe_execute", "duration_ms": 0.23}
{"timestamp": "2026-07-24T16:42:51.469+08:00", "level": "INFO", "message": "  ✦ 执行完成: 状态=success，动作 3 个，回滚 0 次", "trace_id": "e0bdd14da3c74f99bac444a24dd248c3", "span_id": "fd0cd039c6374b69"}
{"timestamp": "2026-07-24T16:42:51.469+08:00", "level": "INFO", "message": "■ Agent [ExecutorAgent] 工作完成", "trace_id": "e0bdd14da3c74f99bac444a24dd248c3", "span_id": "fd0cd039c6374b69"}
{"timestamp": "2026-07-24T16:42:51.469+08:00", "level": "INFO", "message": "▶ Agent [VerifierAgent] 开始工作（角色: 恢复验证与复盘专家）", "trace_id": "e0bdd14da3c74f99bac444a24dd248c3", "span_id": "6b1ed014b0dd4252"}
{"timestamp": "2026-07-24T16:42:51.469+08:00", "level": "INFO", "message": "  ⚙ Skill [recovery_verify] 开始执行", "trace_id": "e0bdd14da3c74f99bac444a24dd248c3", "span_id": "4738f0bbdc064733", "skill": "recovery_verify"}
{"timestamp": "2026-07-24T16:42:51.470+08:00", "level": "INFO", "message": "    ✓ 验证通过：3 项异常指标中 3 项已回归基线，告警条件已消除", "trace_id": "e0bdd14da3c74f99bac444a24dd248c3", "span_id": "4738f0bbdc064733"}
{"timestamp": "2026-07-24T16:42:51.470+08:00", "level": "INFO", "message": "  ⚙ Skill [recovery_verify] 执行成功", "trace_id": "e0bdd14da3c74f99bac444a24dd248c3", "span_id": "4738f0bbdc064733", "skill": "recovery_verify", "duration_ms": 0.56}
{"timestamp": "2026-07-24T16:42:51.470+08:00", "level": "INFO", "message": "  ⚙ Skill [postmortem] 开始执行", "trace_id": "e0bdd14da3c74f99bac444a24dd248c3", "span_id": "8bd9d54eb1f64159", "skill": "postmortem"}
{"timestamp": "2026-07-24T16:42:51.470+08:00", "level": "INFO", "message": "    ✦ 复盘完成: 时间线 10 项，处置动作 3 个，改进建议 2 条", "trace_id": "e0bdd14da3c74f99bac444a24dd248c3", "span_id": "8bd9d54eb1f64159"}
{"timestamp": "2026-07-24T16:42:51.470+08:00", "level": "INFO", "message": "  ⚙ Skill [postmortem] 执行成功", "trace_id": "e0bdd14da3c74f99bac444a24dd248c3", "span_id": "8bd9d54eb1f64159", "skill": "postmortem", "duration_ms": 0.03}
{"timestamp": "2026-07-24T16:42:51.470+08:00", "level": "INFO", "message": "  ✦ 验证与复盘完成: 验证通过，案例沉淀=已写入 CASE-5CBEC871", "trace_id": "e0bdd14da3c74f99bac444a24dd248c3", "span_id": "6b1ed014b0dd4252"}
{"timestamp": "2026-07-24T16:42:51.470+08:00", "level": "INFO", "message": "■ Agent [VerifierAgent] 工作完成", "trace_id": "e0bdd14da3c74f99bac444a24dd248c3", "span_id": "6b1ed014b0dd4252"}
{"timestamp": "2026-07-24T16:42:51.472+08:00", "level": "INFO", "message": "════ 流水线结束，产物已落盘 ════", "trace_id": "e0bdd14da3c74f99bac444a24dd248c3", "span_id": "", "report": "incident_report_db_pool_exhaustion_20260724_164251.json", "trace": "trace_e0bdd14da3c74f99bac444a24dd248c3.json", "audit": "audit_20260724_164251.jsonl", "metrics": "metrics_e0bdd14da3c74f99bac444a24dd248c3.json", "degraded": false}
